// Jest Snapshot v1, https://goo.gl/fbAQLP

exports[`<Pagination /> should render correctly 1`] = `
<div
  class="sc-bdfBQB jdGOJV"
>
  <button
    class="sc-gsTEea bgKMIM"
  >
    &lt;
  </button>
  <span>
    PÃ¡gina 
  </span>
  <button
    class="sc-gsTEea bgKMIM"
  >
    &gt;
  </button>
</div>
`;
